// Jest Snapshot v1, https://jestjs.io/docs/snapshot-testing

exports[`Services page renders and matches snapshot after services load 1`] = `
<div>
  <nav
    data-testid="navbar"
  >
    Navbar
  </nav>
  <main>
    <section
      class="border-b border-gray-200 bg-gradient-to-b from-gray-50 to-white"
    >
      <div
        class="mx-auto max-w-7xl px-4 py-14 sm:px-6 sm:py-20 lg:px-8"
      >
        <p
          class="text-sm font-semibold uppercase tracking-wider text-blue-600"
        >
          What we offer
        </p>
        <h1
          class="mt-2 text-4xl font-bold tracking-tight text-gray-900 sm:text-5xl"
        >
          HVAC services
        </h1>
        <p
          class="mt-4 max-w-2xl text-lg text-gray-600"
        >
          Installation, repair, and maintenance — delivered by certified techs with transparent pricing and same-day availability.
        </p>
      </div>
    </section>
    <section
      class="bg-white py-14 sm:py-16"
    >
      <div
        class="mx-auto max-w-7xl px-4 sm:px-6 lg:px-8"
      >
        <div
          class="grid gap-6 md:grid-cols-2 lg:grid-cols-3"
        >
          <article
            class="group flex h-full flex-col overflow-hidden rounded-2xl border border-gray-200 bg-white shadow-sm transition-all hover:-translate-y-0.5 hover:shadow-md"
          >
            <a
              class="block aspect-[4/3] overflow-hidden bg-gray-100"
              data-discover="true"
              href="/services/1"
            >
              <img
                alt="AC Installation"
                class="h-full w-full object-cover transition-transform duration-300 group-hover:scale-105"
                src="/img/ac.jpg"
              />
            </a>
            <div
              class="flex flex-1 flex-col p-6"
            >
              <div
                class="flex items-start justify-between gap-3"
              >
                <a
                  class="text-xl font-semibold text-gray-900 hover:text-blue-700"
                  data-discover="true"
                  href="/services/1"
                >
                  AC Installation
                </a>
                <span
                  class="shrink-0 rounded-full bg-gray-100 px-3 py-1 text-xs font-semibold text-gray-700"
                >
                  Starting at $3,500
                </span>
              </div>
              <p
                class="mt-3 line-clamp-3 flex-1 text-sm leading-relaxed text-gray-600"
              >
                Professional AC installation.
              </p>
              <div
                class="mt-6 flex flex-wrap items-center gap-2"
              >
                <a
                  class="inline-flex items-center gap-1.5 rounded-lg bg-gray-900 px-4 py-2 text-sm font-semibold text-white transition-colors hover:bg-gray-800"
                  data-discover="true"
                  href="/services/1"
                >
                  Learn more
                  <svg
                    fill="none"
                    height="14"
                    stroke="currentColor"
                    stroke-linecap="round"
                    stroke-linejoin="round"
                    stroke-width="2"
                    viewBox="0 0 24 24"
                    width="14"
                    xmlns="http://www.w3.org/2000/svg"
                  >
                    <path
                      d="M5 12h14"
                    />
                    <path
                      d="m12 5 7 7-7 7"
                    />
                  </svg>
                </a>
                <a
                  class="inline-flex items-center rounded-lg border border-gray-300 bg-white px-4 py-2 text-sm font-semibold text-gray-800 transition-colors hover:bg-gray-50"
                  data-discover="true"
                  href="/quote?service=AC%20Installation"
                >
                  Get a quote
                </a>
              </div>
            </div>
          </article>
          <article
            class="group flex h-full flex-col overflow-hidden rounded-2xl border border-gray-200 bg-white shadow-sm transition-all hover:-translate-y-0.5 hover:shadow-md"
          >
            <a
              class="block aspect-[4/3] overflow-hidden bg-gray-100"
              data-discover="true"
              href="/services/2"
            >
              <img
                alt="Heating Repair"
                class="h-full w-full object-cover transition-transform duration-300 group-hover:scale-105"
                src="/img/heat.jpg"
              />
            </a>
            <div
              class="flex flex-1 flex-col p-6"
            >
              <div
                class="flex items-start justify-between gap-3"
              >
                <a
                  class="text-xl font-semibold text-gray-900 hover:text-blue-700"
                  data-discover="true"
                  href="/services/2"
                >
                  Heating Repair
                </a>
              </div>
              <p
                class="mt-3 line-clamp-3 flex-1 text-sm leading-relaxed text-gray-600"
              >
                Same-day heating repair.
              </p>
              <div
                class="mt-6 flex flex-wrap items-center gap-2"
              >
                <a
                  class="inline-flex items-center gap-1.5 rounded-lg bg-gray-900 px-4 py-2 text-sm font-semibold text-white transition-colors hover:bg-gray-800"
                  data-discover="true"
                  href="/services/2"
                >
                  Learn more
                  <svg
                    fill="none"
                    height="14"
                    stroke="currentColor"
                    stroke-linecap="round"
                    stroke-linejoin="round"
                    stroke-width="2"
                    viewBox="0 0 24 24"
                    width="14"
                    xmlns="http://www.w3.org/2000/svg"
                  >
                    <path
                      d="M5 12h14"
                    />
                    <path
                      d="m12 5 7 7-7 7"
                    />
                  </svg>
                </a>
                <a
                  class="inline-flex items-center rounded-lg border border-gray-300 bg-white px-4 py-2 text-sm font-semibold text-gray-800 transition-colors hover:bg-gray-50"
                  data-discover="true"
                  href="/quote?service=Heating%20Repair"
                >
                  Get a quote
                </a>
              </div>
            </div>
          </article>
          <article
            class="group flex h-full flex-col overflow-hidden rounded-2xl border border-gray-200 bg-white shadow-sm transition-all hover:-translate-y-0.5 hover:shadow-md"
          >
            <a
              class="block aspect-[4/3] overflow-hidden bg-gray-100"
              data-discover="true"
              href="/services/3"
            >
              <img
                alt="Maintenance"
                class="h-full w-full object-cover transition-transform duration-300 group-hover:scale-105"
                src="/img/maint.jpg"
              />
            </a>
            <div
              class="flex flex-1 flex-col p-6"
            >
              <div
                class="flex items-start justify-between gap-3"
              >
                <a
                  class="text-xl font-semibold text-gray-900 hover:text-blue-700"
                  data-discover="true"
                  href="/services/3"
                >
                  Maintenance
                </a>
              </div>
              <p
                class="mt-3 line-clamp-3 flex-1 text-sm leading-relaxed text-gray-600"
              >
                Seasonal HVAC maintenance.
              </p>
              <div
                class="mt-6 flex flex-wrap items-center gap-2"
              >
                <a
                  class="inline-flex items-center gap-1.5 rounded-lg bg-gray-900 px-4 py-2 text-sm font-semibold text-white transition-colors hover:bg-gray-800"
                  data-discover="true"
                  href="/services/3"
                >
                  Learn more
                  <svg
                    fill="none"
                    height="14"
                    stroke="currentColor"
                    stroke-linecap="round"
                    stroke-linejoin="round"
                    stroke-width="2"
                    viewBox="0 0 24 24"
                    width="14"
                    xmlns="http://www.w3.org/2000/svg"
                  >
                    <path
                      d="M5 12h14"
                    />
                    <path
                      d="m12 5 7 7-7 7"
                    />
                  </svg>
                </a>
                <a
                  class="inline-flex items-center rounded-lg border border-gray-300 bg-white px-4 py-2 text-sm font-semibold text-gray-800 transition-colors hover:bg-gray-50"
                  data-discover="true"
                  href="/quote?service=Maintenance"
                >
                  Get a quote
                </a>
              </div>
            </div>
          </article>
        </div>
      </div>
    </section>
  </main>
</div>
`;
